Archive member included to satisfy reference by file (symbol)

e:/stm32cubeide_1.0.2/stm32cubeide/plugins/com.st.stm32cube.ide.mcu.externaltools.gnu-tools-for-stm32.7-2018-q2-update.win32_1.0.0.201904181610/tools/bin/../lib/gcc/arm-none-eabi/7.3.1/../../../../arm-none-eabi/lib/thumb/v7-m\libc_nano.a(lib_a-errno.o)
                              Src/syscalls.o (__errno)
e:/stm32cubeide_1.0.2/stm32cubeide/plugins/com.st.stm32cube.ide.mcu.externaltools.gnu-tools-for-stm32.7-2018-q2-update.win32_1.0.0.201904181610/tools/bin/../lib/gcc/arm-none-eabi/7.3.1/../../../../arm-none-eabi/lib/thumb/v7-m\libc_nano.a(lib_a-exit.o)
                              e:/stm32cubeide_1.0.2/stm32cubeide/plugins/com.st.stm32cube.ide.mcu.externaltools.gnu-tools-for-stm32.7-2018-q2-update.win32_1.0.0.201904181610/tools/bin/../lib/gcc/arm-none-eabi/7.3.1/../../../../arm-none-eabi/lib/thumb/v7-m/crt0.o (exit)
e:/stm32cubeide_1.0.2/stm32cubeide/plugins/com.st.stm32cube.ide.mcu.externaltools.gnu-tools-for-stm32.7-2018-q2-update.win32_1.0.0.201904181610/tools/bin/../lib/gcc/arm-none-eabi/7.3.1/../../../../arm-none-eabi/lib/thumb/v7-m\libc_nano.a(lib_a-impure.o)
                              e:/stm32cubeide_1.0.2/stm32cubeide/plugins/com.st.stm32cube.ide.mcu.externaltools.gnu-tools-for-stm32.7-2018-q2-update.win32_1.0.0.201904181610/tools/bin/../lib/gcc/arm-none-eabi/7.3.1/../../../../arm-none-eabi/lib/thumb/v7-m\libc_nano.a(lib_a-exit.o) (_global_impure_ptr)
e:/stm32cubeide_1.0.2/stm32cubeide/plugins/com.st.stm32cube.ide.mcu.externaltools.gnu-tools-for-stm32.7-2018-q2-update.win32_1.0.0.201904181610/tools/bin/../lib/gcc/arm-none-eabi/7.3.1/../../../../arm-none-eabi/lib/thumb/v7-m\libc_nano.a(lib_a-init.o)
                              e:/stm32cubeide_1.0.2/stm32cubeide/plugins/com.st.stm32cube.ide.mcu.externaltools.gnu-tools-for-stm32.7-2018-q2-update.win32_1.0.0.201904181610/tools/bin/../lib/gcc/arm-none-eabi/7.3.1/../../../../arm-none-eabi/lib/thumb/v7-m/crt0.o (__libc_init_array)
e:/stm32cubeide_1.0.2/stm32cubeide/plugins/com.st.stm32cube.ide.mcu.externaltools.gnu-tools-for-stm32.7-2018-q2-update.win32_1.0.0.201904181610/tools/bin/../lib/gcc/arm-none-eabi/7.3.1/../../../../arm-none-eabi/lib/thumb/v7-m\libc_nano.a(lib_a-itoa.o)
                              Src/snake.o (itoa)
e:/stm32cubeide_1.0.2/stm32cubeide/plugins/com.st.stm32cube.ide.mcu.externaltools.gnu-tools-for-stm32.7-2018-q2-update.win32_1.0.0.201904181610/tools/bin/../lib/gcc/arm-none-eabi/7.3.1/../../../../arm-none-eabi/lib/thumb/v7-m\libc_nano.a(lib_a-malloc.o)
                              Src/snake.o (malloc)
e:/stm32cubeide_1.0.2/stm32cubeide/plugins/com.st.stm32cube.ide.mcu.externaltools.gnu-tools-for-stm32.7-2018-q2-update.win32_1.0.0.201904181610/tools/bin/../lib/gcc/arm-none-eabi/7.3.1/../../../../arm-none-eabi/lib/thumb/v7-m\libc_nano.a(lib_a-memset.o)
                              e:/stm32cubeide_1.0.2/stm32cubeide/plugins/com.st.stm32cube.ide.mcu.externaltools.gnu-tools-for-stm32.7-2018-q2-update.win32_1.0.0.201904181610/tools/bin/../lib/gcc/arm-none-eabi/7.3.1/../../../../arm-none-eabi/lib/thumb/v7-m/crt0.o (memset)
e:/stm32cubeide_1.0.2/stm32cubeide/plugins/com.st.stm32cube.ide.mcu.externaltools.gnu-tools-for-stm32.7-2018-q2-update.win32_1.0.0.201904181610/tools/bin/../lib/gcc/arm-none-eabi/7.3.1/../../../../arm-none-eabi/lib/thumb/v7-m\libc_nano.a(lib_a-nano-freer.o)
                              e:/stm32cubeide_1.0.2/stm32cubeide/plugins/com.st.stm32cube.ide.mcu.externaltools.gnu-tools-for-stm32.7-2018-q2-update.win32_1.0.0.201904181610/tools/bin/../lib/gcc/arm-none-eabi/7.3.1/../../../../arm-none-eabi/lib/thumb/v7-m\libc_nano.a(lib_a-malloc.o) (_free_r)
e:/stm32cubeide_1.0.2/stm32cubeide/plugins/com.st.stm32cube.ide.mcu.externaltools.gnu-tools-for-stm32.7-2018-q2-update.win32_1.0.0.201904181610/tools/bin/../lib/gcc/arm-none-eabi/7.3.1/../../../../arm-none-eabi/lib/thumb/v7-m\libc_nano.a(lib_a-nano-mallocr.o)
                              e:/stm32cubeide_1.0.2/stm32cubeide/plugins/com.st.stm32cube.ide.mcu.externaltools.gnu-tools-for-stm32.7-2018-q2-update.win32_1.0.0.201904181610/tools/bin/../lib/gcc/arm-none-eabi/7.3.1/../../../../arm-none-eabi/lib/thumb/v7-m\libc_nano.a(lib_a-malloc.o) (_malloc_r)
e:/stm32cubeide_1.0.2/stm32cubeide/plugins/com.st.stm32cube.ide.mcu.externaltools.gnu-tools-for-stm32.7-2018-q2-update.win32_1.0.0.201904181610/tools/bin/../lib/gcc/arm-none-eabi/7.3.1/../../../../arm-none-eabi/lib/thumb/v7-m\libc_nano.a(lib_a-rand.o)
                              Src/snake.o (srand)
e:/stm32cubeide_1.0.2/stm32cubeide/plugins/com.st.stm32cube.ide.mcu.externaltools.gnu-tools-for-stm32.7-2018-q2-update.win32_1.0.0.201904181610/tools/bin/../lib/gcc/arm-none-eabi/7.3.1/../../../../arm-none-eabi/lib/thumb/v7-m\libc_nano.a(lib_a-sbrkr.o)
[...]
Memory Configuration

Name             Origin             Length             Attributes
RAM              0x0000000020000000 0x000000000000c000 xrw
FLASH            0x0000000008000000 0x0000000000040000 xr
*default*        0x0000000000000000 0xffffffffffffffff

Linker script and memory map

LOAD e:/stm32cubeide_1.0.2/stm32cubeide/plugins/com.st.stm32cube.ide.mcu.externaltools.gnu-tools-for-stm32.7-2018-q2-update.win32_1.0.0.201904181610/tools/bin/../lib/gcc/arm-none-eabi/7.3.1/thumb/v7-m/crti.o
LOAD e:/stm32cubeide_1.0.2/stm32cubeide/plugins/com.st.stm32cube.ide.mcu.externaltools.gnu-tools-for-stm32.7-2018-q2-update.win32_1.0.0.201904181610/tools/bin/../lib/gcc/arm-none-eabi/7.3.1/thumb/v7-m/crtbegin.o
LOAD e:/stm32cubeide_1.0.2/stm32cubeide/plugins/com.st.stm32cube.ide.mcu.externaltools.gnu-tools-for-stm32.7-2018-q2-update.win32_1.0.0.201904181610/tools/bin/../lib/gcc/arm-none-eabi/7.3.1/../../../../arm-none-eabi/lib/thumb/v7-m/crt0.o
LOAD Drivers/STM32F1xx_HAL_Driver/Src/stm32f1xx_hal.o
LOAD Drivers/STM32F1xx_HAL_Driver/Src/stm32f1xx_hal_cortex.o
LOAD Drivers/STM32F1xx_HAL_Driver/Src/stm32f1xx_hal_dma.o
LOAD Drivers/STM32F1xx_HAL_Driver/Src/stm32f1xx_hal_exti.o
LOAD Drivers/STM32F1xx_HAL_Driver/Src/stm32f1xx_hal_flash.o
LOAD Drivers/STM32F1xx_HAL_Driver/Src/stm32f1xx_hal_flash_ex.o
LOAD Drivers/STM32F1xx_HAL_Driver/Src/stm32f1xx_hal_gpio.o
LOAD Drivers/STM32F1xx_HAL_Driver/Src/stm32f1xx_hal_gpio_ex.o
LOAD Drivers/STM32F1xx_HAL_Driver/Src/stm32f1xx_hal_pwr.o
LOAD Drivers/STM32F1xx_HAL_Driver/Src/stm32f1xx_hal_rcc.o
LOAD Drivers/STM32F1xx_HAL_Driver/Src/stm32f1xx_hal_rcc_ex.o
LOAD Drivers/STM32F1xx_HAL_Driver/Src/stm32f1xx_hal_tim.o
LOAD Drivers/STM32F1xx_HAL_Driver/Src/stm32f1xx_hal_tim_ex.o
LOAD Drivers/STM32F1xx_HAL_Driver/Src/stm32f1xx_hal_uart.o
LOAD Src/gpio.o
LOAD Src/lcd.o
LOAD Src/main.o
LOAD Src/snake.o
LOAD Src/stm32f1xx_hal_msp.o
LOAD Src/stm32f1xx_it.o
LOAD Src/syscalls.o
LOAD Src/sysmem.o
LOAD Src/system_stm32f1xx.o
LOAD Src/usart.o
LOAD Startup/startup_stm32f103rctx.o
START GROUP
LOAD e:/stm32cubeide_1.0.2/stm32cubeide/plugins/com.st.stm32cube.ide.mcu.externaltools.gnu-tools-for-stm32.7-2018-q2-update.win32_1.0.0.201904181610/tools/bin/../lib/gcc/arm-none-eabi/7.3.1/../../../../arm-none-eabi/lib/thumb/v7-m\libc_nano.a
LOAD e:/stm32cubeide_1.0.2/stm32cubeide/plugins/com.st.stm32cube.ide.mcu.externaltools.gnu-tools-for-stm32.7-2018-q2-update.win32_1.0.0.201904181610/tools/bin/../lib/gcc/arm-none-eabi/7.3.1/../../../../arm-none-eabi/lib/thumb/v7-m\libm.a
END GROUP
START GROUP
LOAD e:/stm32cubeide_1.0.2/stm32cubeide/plugins/com.st.stm32cube.ide.mcu.externaltools.gnu-tools-for-stm32.7-2018-q2-update.win32_1.0.0.201904181610/tools/bin/../lib/gcc/arm-none-eabi/7.3.1/thumb/v7-m\libgcc.a
LOAD e:/stm32cubeide_1.0.2/stm32cubeide/plugins/com.st.stm32cube.ide.mcu.externaltools.gnu-tools-for-stm32.7-2018-q2-update.win32_1.0.0.201904181610/tools/bin/../lib/gcc/arm-none-eabi/7.3.1/../../../../arm-none-eabi/lib/thumb/v7-m\libc_nano.a
END GROUP
START GROUP
LOAD e:/stm32cubeide_1.0.2/stm32cubeide/plugins/com.st.stm32cube.ide.mcu.externaltools.gnu-tools-for-stm32.7-2018-q2-update.win32_1.0.0.201904181610/tools/bin/../lib/gcc/arm-none-eabi/7.3.1/thumb/v7-m\libgcc.a
LOAD e:/stm32cubeide_1.0.2/stm32cubeide/plugins/com.st.stm32cube.ide.mcu.externaltools.gnu-tools-for-stm32.7-2018-q2-update.win32_1.0.0.201904181610/tools/bin/../lib/gcc/arm-none-eabi/7.3.1/../../../../arm-none-eabi/lib/thumb/v7-m\libc_nano.a
LOAD e:/stm32cubeide_1.0.2/stm32cubeide/plugins/com.st.stm32cube.ide.mcu.externaltools.gnu-tools-for-stm32.7-2018-q2-update.win32_1.0.0.201904181610/tools/bin/../lib/gcc/arm-none-eabi/7.3.1/../../../../arm-none-eabi/lib/thumb/v7-m\libnosys.a
END GROUP
START GROUP
LOAD e:/stm32cubeide_1.0.2/stm32cubeide/plugins/com.st.stm32cube.ide.mcu.externaltools.gnu-tools-for-stm32.7-2018-q2-update.win32_1.0.0.201904181610/tools/bin/../lib/gcc/arm-none-eabi/7.3.1/thumb/v7-m\libgcc.a
LOAD e:/stm32cubeide_1.0.2/stm32cubeide/plugins/com.st.stm32cube.ide.mcu.externaltools.gnu-tools-for-stm32.7-2018-q2-update.win32_1.0.0.201904181610/tools/bin/../lib/gcc/arm-none-eabi/7.3.1/../../../../arm-none-eabi/lib/thumb/v7-m\libc_nano.a
LOAD e:/stm32cubeide_1.0.2/stm32cubeide/plugins/com.st.stm32cube.ide.mcu.externaltools.gnu-tools-for-stm32.7-2018-q2-update.win32_1.0.0.201904181610/tools/bin/../lib/gcc/arm-none-eabi/7.3.1/../../../../arm-none-eabi/lib/thumb/v7-m\libnosys.a
END GROUP
LOAD e:/stm32cubeide_1.0.2/stm32cubeide/plugins/com.st.stm32cube.ide.mcu.externaltools.gnu-tools-for-stm32.7-2018-q2-update.win32_1.0.0.201904181610/tools/bin/../lib/gcc/arm-none-eabi/7.3.1/thumb/v7-m/crtend.o
LOAD e:/stm32cubeide_1.0.2/stm32cubeide/plugins/com.st.stm32cube.ide.mcu.externaltools.gnu-tools-for-stm32.7-2018-q2-update.win32_1.0.0.201904181610/tools/bin/../lib/gcc/arm-none-eabi/7.3.1/thumb/v7-m/crtn.o
                0x000000002000c000                _estack = 0x2000c000
                0x0000000000000200                _Min_Heap_Size = 0x200
                0x0000000000000400                _Min_Stack_Size = 0x400

.isr_vector     0x0000000008000000      0x1e4
                0x0000000008000000                . = ALIGN (0x4)
 *(.isr_vector)
 .isr_vector    0x0000000008000000      0x1e4 Startup/startup_stm32f103rctx.o
                0x0000000008000000                g_pfnVectors
                0x00000000080001e4                . = ALIGN (0x4)

.text           0x00000000080001e8     0x7538
                0x00000000080001e8                . = ALIGN (0x4)
 *(.text)
 .text          0x00000000080001e8       0x40 e:/stm32cubeide_1.0.2/stm32cubeide/plugins/com.st.stm32cube.ide.mcu.externaltools.gnu-tools-for-stm32.7-2018-q2-update.win32_1.0.0.201904181610/tools/bin/../lib/gcc/arm-none-eabi/7.3.1/thumb/v7-m/crtbegin.o
 .text          0x0000000008000228      0x378 e:/stm32cubeide_1.0.2/stm32cubeide/plugins/com.st.stm32cube.ide.mcu.externaltools.gnu-tools-for-stm32.7-2018-q2-update.win32_1.0.0.201904181610/tools/bin/../lib/gcc/arm-none-eabi/7.3.1/thumb/v7-m\libgcc.a(_arm_addsubdf3.o)
                0x0000000008000228                __aeabi_drsub
                0x0000000008000230                __aeabi_dsub
                0x0000000008000230                __subdf3
                0x0000000008000234                __aeabi_dadd
                0x0000000008000234                __adddf3
                0x00000000080004ac                __floatunsidf
                0x00000000080004ac                __aeabi_ui2d
                0x00000000080004cc                __floatsidf
                0x00000000080004cc                __aeabi_i2d
                0x00000000080004f0                __aeabi_f2d
                0x00000000080004f0                __extendsfdf2
                0x0000000008000534                __floatundidf
                0x0000000008000534                __aeabi_ul2d
                0x0000000008000544                __floatdidf
                0x0000000008000544                __aeabi_l2d
 .text          0x00000000080005a0      0x424 e:/stm32cubeide_1.0.2/stm32cubeide/plugins/com.st.stm32cube.ide.mcu.externaltools.gnu-tools-for-stm32.7-2018-q2-update.win32_1.0.0.201904181610/tools/bin/../lib/gcc/arm-none-eabi/7.3.1/thumb/v7-m\libgcc.a(_arm_muldivdf3.o)
                0x00000000080005a0                __aeabi_dmul
                0x00000000080005a0                __muldf3
                0x00000000080007f4                __divdf3
                0x00000000080007f4                __aeabi_ddiv
 .text          0x00000000080009c4       0x40 e:/stm32cubeide_1.0.2/stm32cubeide/plugins/com.st.stm32cube.ide.mcu.externaltools.gnu-tools-for-stm32.7-2018-q2-update.win32_1.0.0.201904181610/tools/bin/../lib/gcc/arm-none-eabi/7.3.1/thumb/v7-m\libgcc.a(_arm_fixunsdfsi.o)
                0x00000000080009c4                __aeabi_d2uiz
                0x00000000080009c4                __fixunsdfsi
 *(.text*)
 .text.HAL_Init
                0x0000000008000a04       0x2c Drivers/STM32F1xx_HAL_Driver/Src/stm32f1xx_hal.o
                0x0000000008000a04                HAL_Init
 .text.HAL_InitTick
                0x0000000008000a30       0x60 Drivers/STM32F1xx_HAL_Driver/Src/stm32f1xx_hal.o
                0x0000000008000a30                HAL_InitTick
 .text.HAL_IncTick
                0x0000000008000a90       0x24 Drivers/STM32F1xx_HAL_Driver/Src/stm32f1xx_hal.o
                0x0000000008000a90                HAL_IncTick
 .text.HAL_GetTick
                0x0000000008000ab4       0x14 Drivers/STM32F1xx_HAL_Driver/Src/stm32f1xx_hal.o
                0x0000000008000ab4                HAL_GetTick
 .text.HAL_Delay
                0x0000000008000ac8       0x44 Drivers/STM32F1xx_HAL_Driver/Src/stm32f1xx_hal.o
                0x0000000008000ac8                HAL_Delay
 .text.__NVIC_SetPriorityGrouping
                0x0000000008000b0c       0x48 Drivers/STM32F1xx_HAL_Driver/Src/stm32f1xx_hal_cortex.o
 .text.__NVIC_GetPriorityGrouping
                0x0000000008000b54       0x1c Drivers/STM32F1xx_HAL_Driver/Src/stm32f1xx_hal_cortex.o
 .text.__NVIC_SetPriority
                0x0000000008000b70       0x54 Drivers/STM32F1xx_HAL_Driver/Src/stm32f1xx_hal_cortex.o
 .text.NVIC_EncodePriority
                0x0000000008000bc4       0x64 Drivers/STM32F1xx_HAL_Driver/Src/stm32f1xx_hal_cortex.o
 .text.SysTick_Config
                0x0000000008000c28       0x44 Drivers/STM32F1xx_HAL_Driver/Src/stm32f1xx_hal_cortex.o
 .text.HAL_NVIC_SetPriorityGrouping
                0x0000000008000c6c       0x16 Drivers/STM32F1xx_HAL_Driver/Src/stm32f1xx_hal_cortex.o
                0x0000000008000c6c                HAL_NVIC_SetPriorityGrouping
 .text.HAL_NVIC_SetPriority
                0x0000000008000c82       0x38 Drivers/STM32F1xx_HAL_Driver/Src/stm32f1xx_hal_cortex.o
                0x0000000008000c82                HAL_NVIC_SetPriority
 .text.HAL_SYSTICK_Config
                0x0000000008000cba       0x18 Drivers/STM32F1xx_HAL_Driver/Src/stm32f1xx_hal_cortex.o
                0x0000000008000cba                HAL_SYSTICK_Config
 *fill*         0x0000000008000cd2        0x2 
 .text.HAL_GPIO_Init
                0x0000000008000cd4      0x2d4 Drivers/STM32F1xx_HAL_Driver/Src/stm32f1xx_hal_gpio.o
                0x0000000008000cd4                HAL_GPIO_Init
 .text.HAL_GPIO_WritePin
                0x0000000008000fa8       0x30 Drivers/STM32F1xx_HAL_Driver/Src/stm32f1xx_hal_gpio.o
                0x0000000008000fa8                HAL_GPIO_WritePin
 .text.HAL_RCC_OscConfig
                0x0000000008000fd8      0x500 Drivers/STM32F1xx_HAL_Driver/Src/stm32f1xx_hal_rcc.o
                0x0000000008000fd8                HAL_RCC_OscConfig
 .text.HAL_RCC_ClockConfig
                0x00000000080014d8      0x1d4 Drivers/STM32F1xx_HAL_Driver/Src/stm32f1xx_hal_rcc.o
                0x00000000080014d8                HAL_RCC_ClockConfig
 .text.HAL_RCC_GetSysClockFreq
                0x00000000080016ac       0xc4 Drivers/STM32F1xx_HAL_Driver/Src/stm32f1xx_hal_rcc.o
                0x00000000080016ac                HAL_RCC_GetSysClockFreq
 .text.HAL_RCC_GetHCLKFreq
                0x0000000008001770       0x14 Drivers/STM32F1xx_HAL_Driver/Src/stm32f1xx_hal_rcc.o
                0x0000000008001770                HAL_RCC_GetHCLKFreq
 .text.HAL_RCC_GetPCLK1Freq
                0x0000000008001784       0x28 Drivers/STM32F1xx_HAL_Driver/Src/stm32f1xx_hal_rcc.o
                0x0000000008001784                HAL_RCC_GetPCLK1Freq
 .text.HAL_RCC_GetPCLK2Freq
                0x00000000080017ac       0x28 Drivers/STM32F1xx_HAL_Driver/Src/stm32f1xx_hal_rcc.o
                0x00000000080017ac                HAL_RCC_GetPCLK2Freq
 .text.RCC_Delay
                0x00000000080017d4       0x3c Drivers/STM32F1xx_HAL_Driver/Src/stm32f1xx_hal_rcc.o
 .text.HAL_UART_Init
                0x0000000008001810       0x9a Drivers/STM32F1xx_HAL_Driver/Src/stm32f1xx_hal_uart.o
                0x0000000008001810                HAL_UART_Init
 *fill*         0x00000000080018aa        0x2 
 .text.UART_SetConfig
                0x00000000080018ac      0x1b4 Drivers/STM32F1xx_HAL_Driver/Src/stm32f1xx_hal_uart.o
 .text.MX_GPIO_Init
                0x0000000008001a60       0xf8 Src/gpio.o
                0x0000000008001a60                MX_GPIO_Init
 .text.LCD_WR_REG
                0x0000000008001b58       0x48 Src/lcd.o
                0x0000000008001b58                LCD_WR_REG
 .text.LCD_WR_DATAX
                0x0000000008001ba0       0x48 Src/lcd.o
                0x0000000008001ba0                LCD_WR_DATAX
 .text.LCD_RD_DATA
                0x0000000008001be8       0x88 Src/lcd.o
                0x0000000008001be8                LCD_RD_DATA
 .text.LCD_WriteReg
                0x0000000008001c70       0x54 Src/lcd.o
                0x0000000008001c70                LCD_WriteReg
 .text.LCD_ReadReg
                0x0000000008001cc4       0x20 Src/lcd.o
                0x0000000008001cc4                LCD_ReadReg
 .text.LCD_WriteRAM_Prepare
                0x0000000008001ce4       0x18 Src/lcd.o
                0x0000000008001ce4                LCD_WriteRAM_Prepare
 .text.LCD_SetCursor
                0x0000000008001cfc      0x598 Src/lcd.o
                0x0000000008001cfc                LCD_SetCursor
 .text.LCD_Scan_Dir
                0x0000000008002294      0x624 Src/lcd.o
                0x0000000008002294                LCD_Scan_Dir
 .text.LCD_Fast_DrawPoint
                0x00000000080028b8      0x52c Src/lcd.o
                0x00000000080028b8                LCD_Fast_DrawPoint
 *fill*         0x0000000008002de4        0x4 
 .text.LCD_SSD_BackLightSet
                0x0000000008002de8      0x148 Src/lcd.o
                0x0000000008002de8                LCD_SSD_BackLightSet
 .text.LCD_Display_Dir
                0x0000000008002f30      0x218 Src/lcd.o
                0x0000000008002f30                LCD_Display_Dir
 .text.LCD_Init
                0x0000000008003148     0x3e5c Src/lcd.o
                0x0000000008003148                LCD_Init
 .text.LCD_Clear
                0x0000000008006fa4       0xc4 Src/lcd.o
                0x0000000008006fa4                LCD_Clear
 .text.LCD_ShowChar
                0x0000000008007068      0x15c Src/lcd.o
                0x0000000008007068                LCD_ShowChar
 .text.LCD_ShowString
                0x00000000080071c4       0x9c Src/lcd.o
                0x00000000080071c4                LCD_ShowString
 .text.main     0x0000000008007260       0x22 Src/main.o
                0x0000000008007260                main
 .text.SystemClock_Config
                0x0000000008007282       0x8a Src/main.o
                0x0000000008007282                SystemClock_Config
 .text.Error_Handler
                0x000000000800730c        0xc Src/main.o
                0x000000000800730c                Error_Handler
 .text.draw_background
                0x0000000008007318       0x1c Src/snake.o
                0x0000000008007318                draw_background
 .text.draw_score
                0x0000000008007334       0x58 Src/snake.o
                0x0000000008007334                draw_score
 .text.HAL_MspInit
                0x000000000800738c       0x64 Src/stm32f1xx_hal_msp.o
                0x000000000800738c                HAL_MspInit
 .text.NMI_Handler
                0x00000000080073f0        0xc Src/stm32f1xx_it.o
                0x00000000080073f0                NMI_Handler
 .text.HardFault_Handler
                0x00000000080073fc        0x6 Src/stm32f1xx_it.o
                0x00000000080073fc                HardFault_Handler
 .text.MemManage_Handler
                0x0000000008007402        0x6 Src/stm32f1xx_it.o
                0x0000000008007402                MemManage_Handler
 .text.BusFault_Handler
                0x0000000008007408        0x6 Src/stm32f1xx_it.o
                0x0000000008007408                BusFault_Handler
 .text.UsageFault_Handler
                0x000000000800740e        0x6 Src/stm32f1xx_it.o
                0x000000000800740e                UsageFault_Handler
 .text.SVC_Handler
                0x0000000008007414        0xc Src/stm32f1xx_it.o
                0x0000000008007414                SVC_Handler
 .text.DebugMon_Handler
                0x0000000008007420        0xc Src/stm32f1xx_it.o
                0x0000000008007420                DebugMon_Handler
 .text.PendSV_Handler
                0x000000000800742c        0xc Src/stm32f1xx_it.o
                0x000000000800742c                PendSV_Handler
 .text.SysTick_Handler
                0x0000000008007438        0xc Src/stm32f1xx_it.o
                0x0000000008007438                SysTick_Handler
 .text.SystemInit
                0x0000000008007444       0x68 Src/system_stm32f1xx.o
                0x0000000008007444                SystemInit
 .text.MX_USART2_UART_Init
                0x00000000080074ac       0x54 Src/usart.o
                0x00000000080074ac                MX_USART2_UART_Init
 .text.HAL_UART_MspInit
                0x0000000008007500       0x94 Src/usart.o
                0x0000000008007500                HAL_UART_MspInit
 .text.Reset_Handler
                0x0000000008007594       0x48 Startup/startup_stm32f103rctx.o
                0x0000000008007594                Reset_Handler
 .text.Default_Handler
                0x00000000080075dc        0x2 Startup/startup_stm32f103rctx.o
                0x00000000080075dc                RTC_Alarm_IRQHandler
                0x00000000080075dc                EXTI2_IRQHandler
                0x00000000080075dc                TIM8_TRG_COM_IRQHandler
                0x00000000080075dc                TIM8_CC_IRQHandler
                0x00000000080075dc                TIM1_CC_IRQHandler
                0x00000000080075dc                TIM6_IRQHandler
                0x00000000080075dc                PVD_IRQHandler
                0x00000000080075dc                SDIO_IRQHandler
                0x00000000080075dc                EXTI3_IRQHandler
                0x00000000080075dc                EXTI0_IRQHandler
                0x00000000080075dc                I2C2_EV_IRQHandler
                0x00000000080075dc                ADC1_2_IRQHandler
                0x00000000080075dc                SPI1_IRQHandler
                0x00000000080075dc                TAMPER_IRQHandler
                0x00000000080075dc                TIM8_UP_IRQHandler
                0x00000000080075dc                DMA2_Channel2_IRQHandler
                0x00000000080075dc                DMA1_Channel4_IRQHandler
                0x00000000080075dc                USART3_IRQHandler
                0x00000000080075dc                RTC_IRQHandler
                0x00000000080075dc                DMA1_Channel7_IRQHandler
                0x00000000080075dc                CAN1_RX1_IRQHandler
                0x00000000080075dc                UART5_IRQHandler
                0x00000000080075dc                ADC3_IRQHandler
                0x00000000080075dc                TIM4_IRQHandler
                0x00000000080075dc                DMA2_Channel1_IRQHandler
                0x00000000080075dc                I2C1_EV_IRQHandler
                0x00000000080075dc                DMA1_Channel6_IRQHandler
                0x00000000080075dc                UART4_IRQHandler
                0x00000000080075dc                TIM3_IRQHandler
                0x00000000080075dc                RCC_IRQHandler
                0x00000000080075dc                TIM1_TRG_COM_IRQHandler
                0x00000000080075dc                DMA1_Channel1_IRQHandler
                0x00000000080075dc                Default_Handler
                0x00000000080075dc                EXTI15_10_IRQHandler
                0x00000000080075dc                TIM7_IRQHandler
                0x00000000080075dc                TIM5_IRQHandler
                0x00000000080075dc                EXTI9_5_IRQHandler
                0x00000000080075dc                SPI2_IRQHandler
                0x00000000080075dc                DMA1_Channel5_IRQHandler
                0x00000000080075dc                EXTI4_IRQHandler
                0x00000000080075dc                USB_LP_CAN1_RX0_IRQHandler
                0x00000000080075dc                USB_HP_CAN1_TX_IRQHandler
                0x00000000080075dc                DMA1_Channel3_IRQHandler
                0x00000000080075dc                FSMC_IRQHandler
                0x00000000080075dc                TIM1_UP_IRQHandler
                0x00000000080075dc                WWDG_IRQHandler
                0x00000000080075dc                TIM2_IRQHandler
                0x00000000080075dc                TIM1_BRK_IRQHandler
                0x00000000080075dc                EXTI1_IRQHandler
                0x00000000080075dc                DMA2_Channel4_5_IRQHandler
                0x00000000080075dc                USART2_IRQHandler
                0x00000000080075dc                I2C2_ER_IRQHandler
                0x00000000080075dc                DMA1_Channel2_IRQHandler
                0x00000000080075dc                TIM8_BRK_IRQHandler
                0x00000000080075dc                CAN1_SCE_IRQHandler
                0x00000000080075dc                FLASH_IRQHandler
                0x00000000080075dc                USART1_IRQHandler
                0x00000000080075dc                SPI3_IRQHandler
                0x00000000080075dc                I2C1_ER_IRQHandler
                0x00000000080075dc                USBWakeUp_IRQHandler
                0x00000000080075dc                DMA2_Channel3_IRQHandler
 *fill*         0x00000000080075de        0x2 
 .text.__libc_init_array
                0x00000000080075e0       0x48 e:/stm32cubeide_1.0.2/stm32cubeide/plugins/com.st.stm32cube.ide.mcu.externaltools.gnu-tools-for-stm32.7-2018-q2-update.win32_1.0.0.201904181610/tools/bin/../lib/gcc/arm-none-eabi/7.3.1/../../../../arm-none-eabi/lib/thumb/v7-m\libc_nano.a(lib_a-init.o)
                0x00000000080075e0                __libc_init_array
 .text.__itoa   0x0000000008007628       0x30 e:/stm32cubeide_1.0.2/stm32cubeide/plugins/com.st.stm32cube.ide.mcu.externaltools.gnu-tools-for-stm32.7-2018-q2-update.win32_1.0.0.201904181610/tools/bin/../lib/gcc/arm-none-eabi/7.3.1/../../../../arm-none-eabi/lib/thumb/v7-m\libc_nano.a(lib_a-itoa.o)
                0x0000000008007628                __itoa
 .text.itoa     0x0000000008007658        0x4 e:/stm32cubeide_1.0.2/stm32cubeide/plugins/com.st.stm32cube.ide.mcu.externaltools.gnu-tools-for-stm32.7-2018-q2-update.win32_1.0.0.201904181610/tools/bin/../lib/gcc/arm-none-eabi/7.3.1/../../../../arm-none-eabi/lib/thumb/v7-m\libc_nano.a(lib_a-itoa.o)
                0x0000000008007658                itoa
 .text.memset   0x000000000800765c       0x10 e:/stm32cubeide_1.0.2/stm32cubeide/plugins/com.st.stm32cube.ide.mcu.externaltools.gnu-tools-for-stm32.7-2018-q2-update.win32_1.0.0.201904181610/tools/bin/../lib/gcc/arm-none-eabi/7.3.1/../../../../arm-none-eabi/lib/thumb/v7-m\libc_nano.a(lib_a-memset.o)
                0x000000000800765c                memset
 .text.strcat   0x000000000800766c       0x1e e:/stm32cubeide_1.0.2/stm32cubeide/plugins/com.st.stm32cube.ide.mcu.externaltools.gnu-tools-for-stm32.7-2018-q2-update.win32_1.0.0.201904181610/tools/bin/../lib/gcc/arm-none-eabi/7.3.1/../../../../arm-none-eabi/lib/thumb/v7-m\libc_nano.a(lib_a-strcat.o)
                0x000000000800766c                strcat
 *fill*         0x000000000800768a        0x2 
 .text.__utoa   0x000000000800768c       0x7c e:/stm32cubeide_1.0.2/stm32cubeide/plugins/com.st.stm32cube.ide.mcu.externaltools.gnu-tools-for-stm32.7-2018-q2-update.win32_1.0.0.201904181610/tools/bin/../lib/gcc/arm-none-eabi/7.3.1/../../../../arm-none-eabi/lib/thumb/v7-m\libc_nano.a(lib_a-utoa.o)
                0x000000000800768c                __utoa
 *(.glue_7)
 .glue_7        0x0000000008007708        0x0 linker stubs
 *(.glue_7t)
 .glue_7t       0x0000000008007708        0x0 linker stubs
 *(.eh_frame)
 .eh_frame      0x0000000008007708        0x0 e:/stm32cubeide_1.0.2/stm32cubeide/plugins/com.st.stm32cube.ide.mcu.externaltools.gnu-tools-for-stm32.7-2018-q2-update.win32_1.0.0.201904181610/tools/bin/../lib/gcc/arm-none-eabi/7.3.1/thumb/v7-m/crtbegin.o
 *(.init)
 .init          0x0000000008007708        0x4 e:/stm32cubeide_1.0.2/stm32cubeide/plugins/com.st.stm32cube.ide.mcu.externaltools.gnu-tools-for-stm32.7-2018-q2-update.win32_1.0.0.201904181610/tools/bin/../lib/gcc/arm-none-eabi/7.3.1/thumb/v7-m/crti.o
                0x0000000008007708                _init
 .init          0x000000000800770c        0x8 e:/stm32cubeide_1.0.2/stm32cubeide/plugins/com.st.stm32cube.ide.mcu.externaltools.gnu-tools-for-stm32.7-2018-q2-update.win32_1.0.0.201904181610/tools/bin/../lib/gcc/arm-none-eabi/7.3.1/thumb/v7-m/crtn.o
 *(.fini)
 .fini          0x0000000008007714        0x4 e:/stm32cubeide_1.0.2/stm32cubeide/plugins/com.st.stm32cube.ide.mcu.externaltools.gnu-tools-for-stm32.7-2018-q2-update.win32_1.0.0.201904181610/tools/bin/../lib/gcc/arm-none-eabi/7.3.1/thumb/v7-m/crti.o
                0x0000000008007714                _fini
 .fini          0x0000000008007718        0x8 e:/stm32cubeide_1.0.2/stm32cubeide/plugins/com.st.stm32cube.ide.mcu.externaltools.gnu-tools-for-stm32.7-2018-q2-update.win32_1.0.0.201904181610/tools/bin/../lib/gcc/arm-none-eabi/7.3.1/thumb/v7-m/crtn.o
                0x0000000008007720                . = ALIGN (0x4)
                0x0000000008007720                _etext = .

.vfp11_veneer   0x0000000008007720        0x0
 .vfp11_veneer  0x0000000008007720        0x0 linker stubs

.v4_bx          0x0000000008007720        0x0
 .v4_bx         0x0000000008007720        0x0 linker stubs

.iplt           0x0000000008007720        0x0
 .iplt          0x0000000008007720        0x0 e:/stm32cubeide_1.0.2/stm32cubeide/plugins/com.st.stm32cube.ide.mcu.externaltools.gnu-tools-for-stm32.7-2018-q2-update.win32_1.0.0.201904181610/tools/bin/../lib/gcc/arm-none-eabi/7.3.1/thumb/v7-m/crtbegin.o

.rodata         0x0000000008007720     0x181c
                0x0000000008007720                . = ALIGN (0x4)
 *(.rodata)
 .rodata        0x0000000008007720       0x12 Drivers/STM32F1xx_HAL_Driver/Src/stm32f1xx_hal_rcc.o
 *fill*         0x0000000008007732        0x2 
 .rodata        0x0000000008007734        0x8 Src/snake.o
 *(.rodata*)
 .rodata.asc2_1206
                0x000000000800773c      0x474 Src/lcd.o
                0x000000000800773c                asc2_1206
 .rodata.asc2_1608
                0x0000000008007bb0      0x5f0 Src/lcd.o
                0x0000000008007bb0                asc2_1608
 .rodata.asc2_2412
                0x00000000080081a0      0xd5c Src/lcd.o
                0x00000000080081a0                asc2_2412
 .rodata.AHBPrescTable
                0x0000000008008efc       0x10 Src/system_stm32f1xx.o
                0x0000000008008efc                AHBPrescTable
 .rodata.APBPrescTable
                0x0000000008008f0c        0x8 Src/system_stm32f1xx.o
                0x0000000008008f0c                APBPrescTable
 .rodata.__utoa.str1.1
                0x0000000008008f14       0x25 e:/stm32cubeide_1.0.2/stm32cubeide/plugins/com.st.stm32cube.ide.mcu.externaltools.gnu-tools-for-stm32.7-2018-q2-update.win32_1.0.0.201904181610/tools/bin/../lib/gcc/arm-none-eabi/7.3.1/../../../../arm-none-eabi/lib/thumb/v7-m\libc_nano.a(lib_a-utoa.o)
                0x0000000008008f3c                . = ALIGN (0x4)
 *fill*         0x0000000008008f39        0x3 

.rel.dyn        0x0000000008008f3c        0x0
 .rel.iplt      0x0000000008008f3c        0x0 e:/stm32cubeide_1.0.2/stm32cubeide/plugins/com.st.stm32cube.ide.mcu.externaltools.gnu-tools-for-stm32.7-2018-q2-update.win32_1.0.0.201904181610/tools/bin/../lib/gcc/arm-none-eabi/7.3.1/thumb/v7-m/crtbegin.o

.ARM.extab      0x0000000008008f3c        0x0
                0x0000000008008f3c                . = ALIGN (0x4)
 *(.ARM.extab* .gnu.linkonce.armextab.*)
                0x0000000008008f3c                . = ALIGN (0x4)

.ARM            0x0000000008008f3c        0x0
                0x0000000008008f3c                . = ALIGN (0x4)
                0x0000000008008f3c                __exidx_start = .
 *(.ARM.exidx*)
                0x0000000008008f3c                __exidx_end = .
                0x0000000008008f3c                . = ALIGN (0x4)

.preinit_array  0x0000000008008f3c        0x0
                0x0000000008008f3c                . = ALIGN (0x4)
                0x0000000008008f3c                PROVIDE (__preinit_array_start = .)
 *(.preinit_array*)
                0x0000000008008f3c                PROVIDE (__preinit_array_end = .)
                0x0000000008008f3c                . = ALIGN (0x4)

.init_array     0x0000000008008f3c        0x4
                0x0000000008008f3c                . = ALIGN (0x4)
                0x0000000008008f3c                PROVIDE (__init_array_start = .)
 *(SORT_BY_NAME(.init_array.*))
 *(.init_array*)
 .init_array    0x0000000008008f3c        0x4 e:/stm32cubeide_1.0.2/stm32cubeide/plugins/com.st.stm32cube.ide.mcu.externaltools.gnu-tools-for-stm32.7-2018-q2-update.win32_1.0.0.201904181610/tools/bin/../lib/gcc/arm-none-eabi/7.3.1/thumb/v7-m/crtbegin.o
                0x0000000008008f40                PROVIDE (__init_array_end = .)
                0x0000000008008f40                . = ALIGN (0x4)

.fini_array     0x0000000008008f40        0x4
                0x0000000008008f40                . = ALIGN (0x4)
                [!provide]                        PROVIDE (__fini_array_start = .)
 *(SORT_BY_NAME(.fini_array.*))
 *(.fini_array*)
 .fini_array    0x0000000008008f40        0x4 e:/stm32cubeide_1.0.2/stm32cubeide/plugins/com.st.stm32cube.ide.mcu.externaltools.gnu-tools-for-stm32.7-2018-q2-update.win32_1.0.0.201904181610/tools/bin/../lib/gcc/arm-none-eabi/7.3.1/thumb/v7-m/crtbegin.o
                [!provide]                        PROVIDE (__fini_array_end = .)
                0x0000000008008f44                . = ALIGN (0x4)
                0x0000000008008f44                _sidata = LOADADDR (.data)

.data           0x0000000020000000        0xc load address 0x0000000008008f44
                0x0000000020000000                . = ALIGN (0x4)
                0x0000000020000000                _sdata = .
 *(.data)
 *(.data*)
 .data.uwTickPrio
                0x0000000020000000        0x4 Drivers/STM32F1xx_HAL_Driver/Src/stm32f1xx_hal.o
                0x0000000020000000                uwTickPrio
 .data.uwTickFreq
                0x0000000020000004        0x1 Drivers/STM32F1xx_HAL_Driver/Src/stm32f1xx_hal.o
                0x0000000020000004                uwTickFreq
 *fill*         0x0000000020000005        0x1 
 .data.BACK_COLOR
                0x0000000020000006        0x2 Src/lcd.o
                0x0000000020000006                BACK_COLOR
 .data.SystemCoreClock
                0x0000000020000008        0x4 Src/system_stm32f1xx.o
                0x0000000020000008                SystemCoreClock
                0x000000002000000c                . = ALIGN (0x4)
                0x000000002000000c                _edata = .

.igot.plt       0x000000002000000c        0x0 load address 0x0000000008008f50
 .igot.plt      0x000000002000000c        0x0 e:/stm32cubeide_1.0.2/stm32cubeide/plugins/com.st.stm32cube.ide.mcu.externaltools.gnu-tools-for-stm32.7-2018-q2-update.win32_1.0.0.201904181610/tools/bin/../lib/gcc/arm-none-eabi/7.3.1/thumb/v7-m/crtbegin.o
                0x000000002000000c                . = ALIGN (0x4)

.bss            0x000000002000000c       0x74 load address 0x0000000008008f50
                0x000000002000000c                _sbss = .
                0x000000002000000c                __bss_start__ = _sbss
 *(.bss)
 .bss           0x000000002000000c       0x1c e:/stm32cubeide_1.0.2/stm32cubeide/plugins/com.st.stm32cube.ide.mcu.externaltools.gnu-tools-for-stm32.7-2018-q2-update.win32_1.0.0.201904181610/tools/bin/../lib/gcc/arm-none-eabi/7.3.1/thumb/v7-m/crtbegin.o
 *(.bss*)
 .bss.POINT_COLOR
                0x0000000020000028        0x2 Src/lcd.o
                0x0000000020000028                POINT_COLOR
 .bss.score     0x000000002000002a        0x2 Src/snake.o
 *(COMMON)
 COMMON         0x000000002000002c        0x4 Drivers/STM32F1xx_HAL_Driver/Src/stm32f1xx_hal.o
                0x000000002000002c                uwTick
 COMMON         0x0000000020000030        0xe Src/lcd.o
                0x0000000020000030                lcddev
 *fill*         0x000000002000003e        0x2 
 COMMON         0x0000000020000040       0x40 Src/usart.o
                0x0000000020000040                huart2
                0x0000000020000080                . = ALIGN (0x4)
                0x0000000020000080                _ebss = .
                0x0000000020000080                __bss_end__ = _ebss

._user_heap_stack
                0x0000000020000080      0x600 load address 0x0000000008008f50
                0x0000000020000080                . = ALIGN (0x8)
                0x0000000020000080                PROVIDE (end = .)
                [!provide]                        PROVIDE (_end = .)
                0x0000000020000280                . = (. + _Min_Heap_Size)
 *fill*         0x0000000020000080      0x200 
                0x0000000020000680                . = (. + _Min_Stack_Size)
 *fill*         0x0000000020000280      0x400 
                0x0000000020000680                . = ALIGN (0x8)

/DISCARD/
 libc.a(*)
 libm.a(*)
 libgcc.a(*)

.ARM.attributes
                0x0000000000000000       0x29
 *(.ARM.attributes)
 .ARM.attributes
                0x0000000000000000       0x1d e:/stm32cubeide_1.0.2/stm32cubeide/plugins/com.st.stm32cube.ide.mcu.externaltools.gnu-tools-for-stm32.7-2018-q2-update.win32_1.0.0.201904181610/tools/bin/../lib/gcc/arm-none-eabi/7.3.1/thumb/v7-m/crti.o
 .ARM.attributes
                0x000000000000001d       0x2d e:/stm32cubeide_1.0.2/stm32cubeide/plugins/com.st.stm32cube.ide.mcu.externaltools.gnu-tools-for-stm32.7-2018-q2-update.win32_1.0.0.201904181610/tools/bin/../lib/gcc/arm-none-eabi/7.3.1/thumb/v7-m/crtbegin.o
 .ARM.attributes
                0x000000000000004a       0x33 Drivers/STM32F1xx_HAL_Driver/Src/stm32f1xx_hal.o
 .ARM.attributes
                0x000000000000007d       0x33 Drivers/STM32F1xx_HAL_Driver/Src/stm32f1xx_hal_cortex.o
 .ARM.attributes
                0x00000000000000b0       0x33 Drivers/STM32F1xx_HAL_Driver/Src/stm32f1xx_hal_gpio.o
 .ARM.attributes
                0x00000000000000e3       0x33 Drivers/STM32F1xx_HAL_Driver/Src/stm32f1xx_hal_rcc.o
 .ARM.attributes
                0x0000000000000116       0x33 Drivers/STM32F1xx_HAL_Driver/Src/stm32f1xx_hal_uart.o
 .ARM.attributes
                0x0000000000000149       0x33 Src/gpio.o
 .ARM.attributes
                0x000000000000017c       0x33 Src/lcd.o
 .ARM.attributes
                0x00000000000001af       0x33 Src/main.o
 .ARM.attributes
                0x00000000000001e2       0x33 Src/snake.o
 .ARM.attributes
                0x0000000000000215       0x33 Src/stm32f1xx_hal_msp.o
 .ARM.attributes
                0x0000000000000248       0x33 Src/stm32f1xx_it.o
 .ARM.attributes
                0x000000000000027b       0x33 Src/system_stm32f1xx.o
 .ARM.attributes
                0x00000000000002ae       0x33 Src/usart.o
 .ARM.attributes
                0x00000000000002e1       0x21 Startup/startup_stm32f103rctx.o
 .ARM.attributes
                0x0000000000000302       0x2d e:/stm32cubeide_1.0.2/stm32cubeide/plugins/com.st.stm32cube.ide.mcu.externaltools.gnu-tools-for-stm32.7-2018-q2-update.win32_1.0.0.201904181610/tools/bin/../lib/gcc/arm-none-eabi/7.3.1/../../../../arm-none-eabi/lib/thumb/v7-m\libc_nano.a(lib_a-init.o)
 .ARM.attributes
                0x000000000000032f       0x2d e:/stm32cubeide_1.0.2/stm32cubeide/plugins/com.st.stm32cube.ide.mcu.externaltools.gnu-tools-for-stm32.7-2018-q2-update.win32_1.0.0.201904181610/tools/bin/../lib/gcc/arm-none-eabi/7.3.1/../../../../arm-none-eabi/lib/thumb/v7-m\libc_nano.a(lib_a-itoa.o)
 .ARM.attributes
                0x000000000000035c       0x2d e:/stm32cubeide_1.0.2/stm32cubeide/plugins/com.st.stm32cube.ide.mcu.externaltools.gnu-tools-for-stm32.7-2018-q2-update.win32_1.0.0.201904181610/tools/bin/../lib/gcc/arm-none-eabi/7.3.1/../../../../arm-none-eabi/lib/thumb/v7-m\libc_nano.a(lib_a-memset.o)
 .ARM.attributes
                0x0000000000000389       0x2d e:/stm32cubeide_1.0.2/stm32cubeide/plugins/com.st.stm32cube.ide.mcu.externaltools.gnu-tools-for-stm32.7-2018-q2-update.win32_1.0.0.201904181610/tools/bin/../lib/gcc/arm-none-eabi/7.3.1/../../../../arm-none-eabi/lib/thumb/v7-m\libc_nano.a(lib_a-strcat.o)
 .ARM.attributes
                0x00000000000003b6       0x2d e:/stm32cubeide_1.0.2/stm32cubeide/plugins/com.st.stm32cube.ide.mcu.externaltools.gnu-tools-for-stm32.7-2018-q2-update.win32_1.0.0.201904181610/tools/bin/../lib/gcc/arm-none-eabi/7.3.1/../../../../arm-none-eabi/lib/thumb/v7-m\libc_nano.a(lib_a-utoa.o)
 .ARM.attributes
                0x00000000000003e3       0x1d e:/stm32cubeide_1.0.2/stm32cubeide/plugins/com.st.stm32cube.ide.mcu.externaltools.gnu-tools-for-stm32.7-2018-q2-update.win32_1.0.0.201904181610/tools/bin/../lib/gcc/arm-none-eabi/7.3.1/thumb/v7-m\libgcc.a(_arm_addsubdf3.o)
 .ARM.attributes
                0x0000000000000400       0x1d e:/stm32cubeide_1.0.2/stm32cubeide/plugins/com.st.stm32cube.ide.mcu.externaltools.gnu-tools-for-stm32.7-2018-q2-update.win32_1.0.0.201904181610/tools/bin/../lib/gcc/arm-none-eabi/7.3.1/thumb/v7-m\libgcc.a(_arm_muldivdf3.o)
 .ARM.attributes
                0x000000000000041d       0x1d e:/stm32cubeide_1.0.2/stm32cubeide/plugins/com.st.stm32cube.ide.mcu.externaltools.gnu-tools-for-stm32.7-2018-q2-update.win32_1.0.0.201904181610/tools/bin/../lib/gcc/arm-none-eabi/7.3.1/thumb/v7-m\libgcc.a(_arm_fixunsdfsi.o)
 .ARM.attributes
                0x000000000000043a       0x1d e:/stm32cubeide_1.0.2/stm32cubeide/plugins/com.st.stm32cube.ide.mcu.externaltools.gnu-tools-for-stm32.7-2018-q2-update.win32_1.0.0.201904181610/tools/bin/../lib/gcc/arm-none-eabi/7.3.1/thumb/v7-m/crtn.o
OUTPUT(Snake.elf elf32-littlearm)

.debug_info     0x0000000000000000     0x7c14
 .debug_info    0x0000000000000000      0x764 Drivers/STM32F1xx_HAL_Driver/Src/stm32f1xx_hal.o
 .debug_info    0x0000000000000764      0xbac Drivers/STM32F1xx_HAL_Driver/Src/stm32f1xx_hal_cortex.o
 .debug_info    0x0000000000001310      0x681 Drivers/STM32F1xx_HAL_Driver/Src/stm32f1xx_hal_gpio.o
 .debug_info    0x0000000000001991      0x804 Drivers/STM32F1xx_HAL_Driver/Src/stm32f1xx_hal_rcc.o
 .debug_info    0x0000000000002195     0x11e3 Drivers/STM32F1xx_HAL_Driver/Src/stm32f1xx_hal_uart.o
 .debug_info    0x0000000000003378      0x352 Src/gpio.o
 .debug_info    0x00000000000036ca     0x164e Src/lcd.o
 .debug_info    0x0000000000004d18     0x100c Src/main.o
 .debug_info    0x0000000000005d24      0xe2e Src/snake.o
 .debug_info    0x0000000000006b52      0x2cb Src/stm32f1xx_hal_msp.o
 .debug_info    0x0000000000006e1d      0x1fa Src/stm32f1xx_it.o
 .debug_info    0x0000000000007017      0x433 Src/system_stm32f1xx.o
 .debug_info    0x000000000000744a      0x7a8 Src/usart.o
 .debug_info    0x0000000000007bf2       0x22 Startup/startup_stm32f103rctx.o

.debug_abbrev   0x0000000000000000     0x184b
 .debug_abbrev  0x0000000000000000      0x1d8 Drivers/STM32F1xx_HAL_Driver/Src/stm32f1xx_hal.o
 .debug_abbrev  0x00000000000001d8      0x2d5 Drivers/STM32F1xx_HAL_Driver/Src/stm32f1xx_hal_cortex.o
 .debug_abbrev  0x00000000000004ad      0x1c0 Drivers/STM32F1xx_HAL_Driver/Src/stm32f1xx_hal_gpio.o
 .debug_abbrev  0x000000000000066d      0x243 Drivers/STM32F1xx_HAL_Driver/Src/stm32f1xx_hal_rcc.o
 .debug_abbrev  0x00000000000008b0      0x242 Drivers/STM32F1xx_HAL_Driver/Src/stm32f1xx_hal_uart.o
 .debug_abbrev  0x0000000000000af2      0x134 Src/gpio.o
 .debug_abbrev  0x0000000000000c26      0x30f Src/lcd.o
 .debug_abbrev  0x0000000000000f35      0x1e5 Src/main.o
 .debug_abbrev  0x000000000000111a      0x283 Src/snake.o
 .debug_abbrev  0x000000000000139d      0x109 Src/stm32f1xx_hal_msp.o
 .debug_abbrev  0x00000000000014a6       0xc6 Src/stm32f1xx_it.o
 .debug_abbrev  0x000000000000156c      0x134 Src/system_stm32f1xx.o
 .debug_abbrev  0x00000000000016a0      0x199 Src/usart.o
 .debug_abbrev  0x0000000000001839       0x12 Startup/startup_stm32f103rctx.o

.debug_aranges  0x0000000000000000      0x770
 .debug_aranges
                0x0000000000000000       0xe0 Drivers/STM32F1xx_HAL_Driver/Src/stm32f1xx_hal.o
 .debug_aranges
                0x00000000000000e0      0x100 Drivers/STM32F1xx_HAL_Driver/Src/stm32f1xx_hal_cortex.o
 .debug_aranges
                0x00000000000001e0       0x58 Drivers/STM32F1xx_HAL_Driver/Src/stm32f1xx_hal_gpio.o
 .debug_aranges
                0x0000000000000238       0x90 Drivers/STM32F1xx_HAL_Driver/Src/stm32f1xx_hal_rcc.o
 .debug_aranges
                0x00000000000002c8      0x1d0 Drivers/STM32F1xx_HAL_Driver/Src/stm32f1xx_hal_uart.o
 .debug_aranges
                0x0000000000000498       0x20 Src/gpio.o
 .debug_aranges
                0x00000000000004b8      0x118 Src/lcd.o
 .debug_aranges
                0x00000000000005d0       0x30 Src/main.o
 .debug_aranges
                0x0000000000000600       0x70 Src/snake.o
 .debug_aranges
                0x0000000000000670       0x20 Src/stm32f1xx_hal_msp.o
 .debug_aranges
                0x0000000000000690       0x60 Src/stm32f1xx_it.o
 .debug_aranges
                0x00000000000006f0       0x28 Src/system_stm32f1xx.o
 .debug_aranges
                0x0000000000000718       0x30 Src/usart.o
 .debug_aranges
                0x0000000000000748       0x28 Startup/startup_stm32f103rctx.o

.debug_ranges   0x0000000000000000      0x698
 .debug_ranges  0x0000000000000000       0xd0 Drivers/STM32F1xx_HAL_Driver/Src/stm32f1xx_hal.o
 .debug_ranges  0x00000000000000d0       0xf0 Drivers/STM32F1xx_HAL_Driver/Src/stm32f1xx_hal_cortex.o
 .debug_ranges  0x00000000000001c0       0x48 Drivers/STM32F1xx_HAL_Driver/Src/stm32f1xx_hal_gpio.o
 .debug_ranges  0x0000000000000208       0x80 Drivers/STM32F1xx_HAL_Driver/Src/stm32f1xx_hal_rcc.o
 .debug_ranges  0x0000000000000288      0x1c0 Drivers/STM32F1xx_HAL_Driver/Src/stm32f1xx_hal_uart.o
 .debug_ranges  0x0000000000000448       0x10 Src/gpio.o
 .debug_ranges  0x0000000000000458      0x108 Src/lcd.o
 .debug_ranges  0x0000000000000560       0x20 Src/main.o
 .debug_ranges  0x0000000000000580       0x60 Src/snake.o
 .debug_ranges  0x00000000000005e0       0x10 Src/stm32f1xx_hal_msp.o
 .debug_ranges  0x00000000000005f0       0x50 Src/stm32f1xx_it.o
 .debug_ranges  0x0000000000000640       0x18 Src/system_stm32f1xx.o
 .debug_ranges  0x0000000000000658       0x20 Src/usart.o
 .debug_ranges  0x0000000000000678       0x20 Startup/startup_stm32f103rctx.o

.debug_macro    0x0000000000000000    0x16463
 .debug_macro   0x0000000000000000      0x1a9 Drivers/STM32F1xx_HAL_Driver/Src/stm32f1xx_hal.o
 .debug_macro   0x00000000000001a9      0xa5a Drivers/STM32F1xx_HAL_Driver/Src/stm32f1xx_hal.o
 .debug_macro   0x0000000000000c03      0x215 Drivers/STM32F1xx_HAL_Driver/Src/stm32f1xx_hal.o
 .debug_macro   0x0000000000000e18       0x2e Drivers/STM32F1xx_HAL_Driver/Src/stm32f1xx_hal.o
 .debug_macro   0x0000000000000e46       0x22 Drivers/STM32F1xx_HAL_Driver/Src/stm32f1xx_hal.o
 .debug_macro   0x0000000000000e68       0x22 Drivers/STM32F1xx_HAL_Driver/Src/stm32f1xx_hal.o
 .debug_macro   0x0000000000000e8a       0x8e Drivers/STM32F1xx_HAL_Driver/Src/stm32f1xx_hal.o
 .debug_macro   0x0000000000000f18       0x51 Drivers/STM32F1xx_HAL_Driver/Src/stm32f1xx_hal.o
 .debug_macro   0x0000000000000f69       0xef Drivers/STM32F1xx_HAL_Driver/Src/stm32f1xx_hal.o
 .debug_macro   0x0000000000001058       0x6a Drivers/STM32F1xx_HAL_Driver/Src/stm32f1xx_hal.o
 .debug_macro   0x00000000000010c2      0x1df Drivers/STM32F1xx_HAL_Driver/Src/stm32f1xx_hal.o
 .debug_macro   0x00000000000012a1       0x1c Drivers/STM32F1xx_HAL_Driver/Src/stm32f1xx_hal.o
 .debug_macro   0x00000000000012bd       0x22 Drivers/STM32F1xx_HAL_Driver/Src/stm32f1xx_hal.o
 .debug_macro   0x00000000000012df       0xc3 Drivers/STM32F1xx_HAL_Driver/Src/stm32f1xx_hal.o
 .debug_macro   0x00000000000013a2      0xd23 Drivers/STM32F1xx_HAL_Driver/Src/stm32f1xx_hal.o
 .debug_macro   0x00000000000020c5     0xfd8c Drivers/STM32F1xx_HAL_Driver/Src/stm32f1xx_hal.o
 .debug_macro   0x0000000000011e51       0x43 Drivers/STM32F1xx_HAL_Driver/Src/stm32f1xx_hal.o
 .debug_macro   0x0000000000011e94      0x174 Drivers/STM32F1xx_HAL_Driver/Src/stm32f1xx_hal.o
 .debug_macro   0x0000000000012008       0x5a Drivers/STM32F1xx_HAL_Driver/Src/stm32f1xx_hal.o
 .debug_macro   0x0000000000012062      0x5be Drivers/STM32F1xx_HAL_Driver/Src/stm32f1xx_hal.o
 .debug_macro   0x0000000000012620      0x4d5 Drivers/STM32F1xx_HAL_Driver/Src/stm32f1xx_hal.o
 .debug_macro   0x0000000000012af5      0x1cb Drivers/STM32F1xx_HAL_Driver/Src/stm32f1xx_hal.o
 .debug_macro   0x0000000000012cc0      0x114 Drivers/STM32F1xx_HAL_Driver/Src/stm32f1xx_hal.o
 .debug_macro   0x0000000000012dd4      0x1ea Drivers/STM32F1xx_HAL_Driver/Src/stm32f1xx_hal.o
 .debug_macro   0x0000000000012fbe       0x27 Drivers/STM32F1xx_HAL_Driver/Src/stm32f1xx_hal.o
 .debug_macro   0x0000000000012fe5      0x144 Drivers/STM32F1xx_HAL_Driver/Src/stm32f1xx_hal.o
 .debug_macro   0x0000000000013129      0x1bc Drivers/STM32F1xx_HAL_Driver/Src/stm32f1xx_hal.o
 .debug_macro   0x00000000000132e5       0x30 Drivers/STM32F1xx_HAL_Driver/Src/stm32f1xx_hal.o
 .debug_macro   0x0000000000013315       0x3c Drivers/STM32F1xx_HAL_Driver/Src/stm32f1xx_hal.o
 .debug_macro   0x0000000000013351       0x57 Drivers/STM32F1xx_HAL_Driver/Src/stm32f1xx_hal.o
 .debug_macro   0x00000000000133a8       0x88 Drivers/STM32F1xx_HAL_Driver/Src/stm32f1xx_hal.o
 .debug_macro   0x0000000000013430      0x24f Drivers/STM32F1xx_HAL_Driver/Src/stm32f1xx_hal.o
 .debug_macro   0x000000000001367f      0x141 Drivers/STM32F1xx_HAL_Driver/Src/stm32f1xx_hal.o
 .debug_macro   0x00000000000137c0      0x26b Drivers/STM32F1xx_HAL_Driver/Src/stm32f1xx_hal.o
 .debug_macro   0x0000000000013a2b       0xb5 Drivers/STM32F1xx_HAL_Driver/Src/stm32f1xx_hal.o
 .debug_macro   0x0000000000013ae0      0x185 Drivers/STM32F1xx_HAL_Driver/Src/stm32f1xx_hal_cortex.o
 .debug_macro   0x0000000000013c65      0x1f0 Drivers/STM32F1xx_HAL_Driver/Src/stm32f1xx_hal_gpio.o
 .debug_macro   0x0000000000013e55      0x197 Drivers/STM32F1xx_HAL_Driver/Src/stm32f1xx_hal_rcc.o
 .debug_macro   0x0000000000013fec      0x186 Drivers/STM32F1xx_HAL_Driver/Src/stm32f1xx_hal_uart.o
 .debug_macro   0x0000000000014172      0x19e Src/gpio.o
 .debug_macro   0x0000000000014310       0x34 Src/gpio.o
 .debug_macro   0x0000000000014344      0x26c Src/lcd.o
 .debug_macro   0x00000000000145b0       0x18 Src/lcd.o
 .debug_macro   0x00000000000145c8       0x46 Src/lcd.o
 .debug_macro   0x000000000001460e       0x3c Src/lcd.o
 .debug_macro   0x000000000001464a       0x34 Src/lcd.o
 .debug_macro   0x000000000001467e       0x16 Src/lcd.o
 .debug_macro   0x0000000000014694       0x35 Src/lcd.o
 .debug_macro   0x00000000000146c9       0x52 Src/lcd.o
 .debug_macro   0x000000000001471b       0x1f Src/lcd.o
 .debug_macro   0x000000000001473a       0x43 Src/lcd.o
 .debug_macro   0x000000000001477d       0x20 Src/lcd.o
 .debug_macro   0x000000000001479d      0x1a3 Src/lcd.o
 .debug_macro   0x0000000000014940      0x32a Src/lcd.o
 .debug_macro   0x0000000000014c6a       0x16 Src/lcd.o
 .debug_macro   0x0000000000014c80       0x29 Src/lcd.o
 .debug_macro   0x0000000000014ca9      0x1dc Src/lcd.o
 .debug_macro   0x0000000000014e85      0x368 Src/main.o
 .debug_macro   0x00000000000151ed       0x16 Src/main.o
 .debug_macro   0x0000000000015203       0x20 Src/main.o
 .debug_macro   0x0000000000015223       0x16 Src/main.o
 .debug_macro   0x0000000000015239       0x10 Src/main.o
 .debug_macro   0x0000000000015249       0x10 Src/main.o
 .debug_macro   0x0000000000015259       0x10 Src/main.o
 .debug_macro   0x0000000000015269       0x1c Src/main.o
 .debug_macro   0x0000000000015285       0x52 Src/main.o
 .debug_macro   0x00000000000152d7       0x40 Src/main.o
 .debug_macro   0x0000000000015317       0x10 Src/main.o
 .debug_macro   0x0000000000015327       0x40 Src/main.o
 .debug_macro   0x0000000000015367       0xd7 Src/main.o
 .debug_macro   0x000000000001543e       0x1c Src/main.o
 .debug_macro   0x000000000001545a       0x3d Src/main.o
 .debug_macro   0x0000000000015497       0x35 Src/main.o
 .debug_macro   0x00000000000154cc       0x10 Src/main.o
 .debug_macro   0x00000000000154dc      0x350 Src/snake.o
 .debug_macro   0x000000000001582c      0x10e Src/snake.o
 .debug_macro   0x000000000001593a       0x8d Src/snake.o
 .debug_macro   0x00000000000159c7      0x330 Src/snake.o
 .debug_macro   0x0000000000015cf7       0xbd Src/snake.o
 .debug_macro   0x0000000000015db4       0x54 Src/snake.o
 .debug_macro   0x0000000000015e08      0x194 Src/stm32f1xx_hal_msp.o
 .debug_macro   0x0000000000015f9c      0x19e Src/stm32f1xx_it.o
 .debug_macro   0x000000000001613a      0x18b Src/system_stm32f1xx.o
 .debug_macro   0x00000000000162c5      0x19e Src/usart.o

.debug_line     0x0000000000000000     0x7624
 .debug_line    0x0000000000000000      0x7cd Drivers/STM32F1xx_HAL_Driver/Src/stm32f1xx_hal.o
 .debug_line    0x00000000000007cd      0x8a6 Drivers/STM32F1xx_HAL_Driver/Src/stm32f1xx_hal_cortex.o
 .debug_line    0x0000000000001073      0x7f5 Drivers/STM32F1xx_HAL_Driver/Src/stm32f1xx_hal_gpio.o
 .debug_line    0x0000000000001868      0x88f Drivers/STM32F1xx_HAL_Driver/Src/stm32f1xx_hal_rcc.o
 .debug_line    0x00000000000020f7      0xed8 Drivers/STM32F1xx_HAL_Driver/Src/stm32f1xx_hal_uart.o
 .debug_line    0x0000000000002fcf      0x601 Src/gpio.o
 .debug_line    0x00000000000035d0     0x1523 Src/lcd.o
 .debug_line    0x0000000000004af3      0x864 Src/main.o
 .debug_line    0x0000000000005357      0x986 Src/snake.o
 .debug_line    0x0000000000005cdd      0x5f0 Src/stm32f1xx_hal_msp.o
 .debug_line    0x00000000000062cd      0x693 Src/stm32f1xx_it.o
 .debug_line    0x0000000000006960      0x620 Src/system_stm32f1xx.o
 .debug_line    0x0000000000006f80      0x625 Src/usart.o
 .debug_line    0x00000000000075a5       0x7f Startup/startup_stm32f103rctx.o

.debug_str      0x0000000000000000    0x78b0f
 .debug_str     0x0000000000000000    0x72e6e Drivers/STM32F1xx_HAL_Driver/Src/stm32f1xx_hal.o
                                      0x732b4 (size before relaxing)
 .debug_str     0x0000000000072e6e      0x326 Drivers/STM32F1xx_HAL_Driver/Src/stm32f1xx_hal_cortex.o
                                      0x732c2 (size before relaxing)
 .debug_str     0x0000000000073194      0x3a9 Drivers/STM32F1xx_HAL_Driver/Src/stm32f1xx_hal_gpio.o
                                      0x72f09 (size before relaxing)
 .debug_str     0x000000000007353d      0x373 Drivers/STM32F1xx_HAL_Driver/Src/stm32f1xx_hal_rcc.o
                                      0x72f42 (size before relaxing)
 .debug_str     0x00000000000738b0      0x89a Drivers/STM32F1xx_HAL_Driver/Src/stm32f1xx_hal_uart.o
                                      0x73431 (size before relaxing)
 .debug_str     0x000000000007414a       0xe4 Src/gpio.o
                                      0x72c40 (size before relaxing)
 .debug_str     0x000000000007422e     0x3854 Src/lcd.o
                                      0x764d2 (size before relaxing)
 .debug_str     0x0000000000077a82      0xdb8 Src/main.o
                                      0x773f7 (size before relaxing)
 .debug_str     0x000000000007883a      0x13a Src/snake.o
                                      0x77038 (size before relaxing)
 .debug_str     0x0000000000078974       0x1b Src/stm32f1xx_hal_msp.o
                                      0x72bf8 (size before relaxing)
 .debug_str     0x000000000007898f       0xb8 Src/stm32f1xx_it.o
                                      0x72c15 (size before relaxing)
 .debug_str     0x0000000000078a47       0x69 Src/system_stm32f1xx.o
                                      0x72bba (size before relaxing)
 .debug_str     0x0000000000078ab0       0x2e Src/usart.o
                                      0x7300b (size before relaxing)
 .debug_str     0x0000000000078ade       0x31 Startup/startup_stm32f103rctx.o
                                         0x53 (size before relaxing)

.comment        0x0000000000000000       0x7b
 .comment       0x0000000000000000       0x7b Drivers/STM32F1xx_HAL_Driver/Src/stm32f1xx_hal.o
                                         0x7c (size before relaxing)
 .comment       0x000000000000007b       0x7c Drivers/STM32F1xx_HAL_Driver/Src/stm32f1xx_hal_cortex.o
 .comment       0x000000000000007b       0x7c Drivers/STM32F1xx_HAL_Driver/Src/stm32f1xx_hal_gpio.o
 .comment       0x000000000000007b       0x7c Drivers/STM32F1xx_HAL_Driver/Src/stm32f1xx_hal_rcc.o
 .comment       0x000000000000007b       0x7c Drivers/STM32F1xx_HAL_Driver/Src/stm32f1xx_hal_uart.o
 .comment       0x000000000000007b       0x7c Src/gpio.o
 .comment       0x000000000000007b       0x7c Src/lcd.o
 .comment       0x000000000000007b       0x7c Src/main.o
 .comment       0x000000000000007b       0x7c Src/snake.o
 .comment       0x000000000000007b       0x7c Src/stm32f1xx_hal_msp.o
 .comment       0x000000000000007b       0x7c Src/stm32f1xx_it.o
 .comment       0x000000000000007b       0x7c Src/system_stm32f1xx.o
 .comment       0x000000000000007b       0x7c Src/usart.o

.debug_frame    0x0000000000000000     0x1e34
 .debug_frame   0x0000000000000000      0x334 Drivers/STM32F1xx_HAL_Driver/Src/stm32f1xx_hal.o
 .debug_frame   0x0000000000000334      0x428 Drivers/STM32F1xx_HAL_Driver/Src/stm32f1xx_hal_cortex.o
 .debug_frame   0x000000000000075c      0x14c Drivers/STM32F1xx_HAL_Driver/Src/stm32f1xx_hal_gpio.o
 .debug_frame   0x00000000000008a8      0x21c Drivers/STM32F1xx_HAL_Driver/Src/stm32f1xx_hal_rcc.o
 .debug_frame   0x0000000000000ac4      0x834 Drivers/STM32F1xx_HAL_Driver/Src/stm32f1xx_hal_uart.o
 .debug_frame   0x00000000000012f8       0x34 Src/gpio.o
 .debug_frame   0x000000000000132c      0x4d4 Src/lcd.o
 .debug_frame   0x0000000000001800       0x70 Src/main.o
 .debug_frame   0x0000000000001870      0x1a0 Src/snake.o
 .debug_frame   0x0000000000001a10       0x38 Src/stm32f1xx_hal_msp.o
 .debug_frame   0x0000000000001a48      0x10c Src/stm32f1xx_it.o
 .debug_frame   0x0000000000001b54       0x58 Src/system_stm32f1xx.o
 .debug_frame   0x0000000000001bac       0x74 Src/usart.o
 .debug_frame   0x0000000000001c20       0x2c e:/stm32cubeide_1.0.2/stm32cubeide/plugins/com.st.stm32cube.ide.mcu.externaltools.gnu-tools-for-stm32.7-2018-q2-update.win32_1.0.0.201904181610/tools/bin/../lib/gcc/arm-none-eabi/7.3.1/../../../../arm-none-eabi/lib/thumb/v7-m\libc_nano.a(lib_a-init.o)
 .debug_frame   0x0000000000001c4c       0x38 e:/stm32cubeide_1.0.2/stm32cubeide/plugins/com.st.stm32cube.ide.mcu.externaltools.gnu-tools-for-stm32.7-2018-q2-update.win32_1.0.0.201904181610/tools/bin/../lib/gcc/arm-none-eabi/7.3.1/../../../../arm-none-eabi/lib/thumb/v7-m\libc_nano.a(lib_a-itoa.o)
 .debug_frame   0x0000000000001c84       0x20 e:/stm32cubeide_1.0.2/stm32cubeide/plugins/com.st.stm32cube.ide.mcu.externaltools.gnu-tools-for-stm32.7-2018-q2-update.win32_1.0.0.201904181610/tools/bin/../lib/gcc/arm-none-eabi/7.3.1/../../../../arm-none-eabi/lib/thumb/v7-m\libc_nano.a(lib_a-memset.o)
 .debug_frame   0x0000000000001ca4       0x28 e:/stm32cubeide_1.0.2/stm32cubeide/plugins/com.st.stm32cube.ide.mcu.externaltools.gnu-tools-for-stm32.7-2018-q2-update.win32_1.0.0.201904181610/tools/bin/../lib/gcc/arm-none-eabi/7.3.1/../../../../arm-none-eabi/lib/thumb/v7-m\libc_nano.a(lib_a-strcat.o)
 .debug_frame   0x0000000000001ccc       0x48 e:/stm32cubeide_1.0.2/stm32cubeide/plugins/com.st.stm32cube.ide.mcu.externaltools.gnu-tools-for-stm32.7-2018-q2-update.win32_1.0.0.201904181610/tools/bin/../lib/gcc/arm-none-eabi/7.3.1/../../../../arm-none-eabi/lib/thumb/v7-m\libc_nano.a(lib_a-utoa.o)
 .debug_frame   0x0000000000001d14       0xac e:/stm32cubeide_1.0.2/stm32cubeide/plugins/com.st.stm32cube.ide.mcu.externaltools.gnu-tools-for-stm32.7-2018-q2-update.win32_1.0.0.201904181610/tools/bin/../lib/gcc/arm-none-eabi/7.3.1/thumb/v7-m\libgcc.a(_arm_addsubdf3.o)
 .debug_frame   0x0000000000001dc0       0x50 e:/stm32cubeide_1.0.2/stm32cubeide/plugins/com.st.stm32cube.ide.mcu.externaltools.gnu-tools-for-stm32.7-2018-q2-update.win32_1.0.0.201904181610/tools/bin/../lib/gcc/arm-none-eabi/7.3.1/thumb/v7-m\libgcc.a(_arm_muldivdf3.o)
 .debug_frame   0x0000000000001e10       0x24 e:/stm32cubeide_1.0.2/stm32cubeide/plugins/com.st.stm32cube.ide.mcu.externaltools.gnu-tools-for-stm32.7-2018-q2-update.win32_1.0.0.201904181610/tools/bin/../lib/gcc/arm-none-eabi/7.3.1/thumb/v7-m\libgcc.a(_arm_fixunsdfsi.o)

.stabstr        0x0000000000000000       0x4e
 .stabstr       0x0000000000000000       0x4e e:/stm32cubeide_1.0.2/stm32cubeide/plugins/com.st.stm32cube.ide.mcu.externaltools.gnu-tools-for-stm32.7-2018-q2-update.win32_1.0.0.201904181610/tools/bin/../lib/gcc/arm-none-eabi/7.3.1/../../../../arm-none-eabi/lib/thumb/v7-m\libnosys.a(gettod.o)
