snake.c:19:6:snake_init	72	static
snake.c:51:6:snake_forward	32	static
snake.c:79:6:snake_tail_lengthen	48	static
snake.c:94:5:bite_self	16	static
snake.c:109:5:hit_wall	16	static
snake.c:116:5:hit_stone	16	static
snake.c:122:11:random_pos	48	static
snake.c:163:6:generate_bean	16	static
snake.c:215:6:generate_stone	8	static
snake.c:227:6:move	8	static
snake.c:272:6:draw_background	16	static
snake.c:282:6:draw_score	32	static
snake.c:292:6:draw_snake_body	32	static
snake.c:300:6:draw_snake	16	static
snake.c:311:6:draw_bean	8	static
snake.c:320:6:draw_stone	24	static
snake.c:329:6:launch	8	static
